---
source: tests/snapshots_readonly.rs
expression: output
---
── beta-repo ──
┌──────────┬───────────────┬─────────────┬────────────┬───────┐
│ Tag      ┆ Branch        ┆ Base        ┆ Status     ┆ Issue │
╞══════════╪═══════════════╪═════════════╪════════════╪═══════╡
│ ❄ frozen ┆ BETA-4-frozen ┆ origin/main ┆ ✓ clean    ┆       │
│ behind   ┆ BETA-5-behind ┆ origin/main ┆ ↓ 2 behind ┆       │
└──────────┴───────────────┴─────────────┴────────────┴───────┘
2 projects · 1 behind · 1 frozen
