---
source: tests/snapshots_readonly.rs
expression: output
---
── alpha-repo ──
┌───────┬───────────────┬─────────────┬─────────┬───────┐
│ Tag   ┆ Branch        ┆ Base        ┆ Status  ┆ Issue │
╞═══════╪═══════════════╪═════════════╪═════════╪═══════╡
│ clean ┆ ALPHA-1-clean ┆ origin/main ┆ clean   ┆ #1    │
│ dirty ┆ ALPHA-2-dirty ┆ origin/main ┆ dirty   ┆ #2    │
│ ahead ┆ ALPHA-3-ahead ┆ origin/main ┆ 3 ahead ┆ #3    │
└───────┴───────────────┴─────────────┴─────────┴───────┘
